../Core/Src/main.c:102:5:main	16	static
../Core/Src/main.c:204:6:SystemClock_Config	88	static
../Core/Src/main.c:250:13:MX_ADC1_Init	24	static
../Core/Src/main.c:302:13:MX_I2C1_Init	8	static
../Core/Src/main.c:336:13:MX_TIM2_Init	32	static
../Core/Src/main.c:381:13:MX_TIM3_Init	64	static
../Core/Src/main.c:440:13:MX_GPIO_Init	48	static
../Core/Src/main.c:491:6:HC_SR04_Trigger	8	static
../Core/Src/main.c:498:7:HC_SR04_GetDistance	24	static
../Core/Src/main.c:553:6:Error_Handler	4	static,ignoring_inline_asm
