../Core/Src/main.c:105:5:main	16	static
../Core/Src/main.c:254:6:SystemClock_Config	88	static
../Core/Src/main.c:300:13:MX_ADC1_Init	24	static
../Core/Src/main.c:352:13:MX_ADC2_Init	24	static
../Core/Src/main.c:438:13:MX_TIM2_Init	32	static
../Core/Src/main.c:483:13:MX_TIM3_Init	64	static
../Core/Src/main.c:542:13:MX_GPIO_Init	48	static
../Core/Src/main.c:593:6:HC_SR04_Trigger	8	static
../Core/Src/main.c:600:7:HC_SR04_GetDistance	24	static
../Core/Src/main.c:655:6:Error_Handler	4	static,ignoring_inline_asm
